EN feedback NULL D:/ISE_workspace/Computer/System/Feedback.vhd sub00/vhpl28 1386262991
EN clock NULL D:/ISE_workspace/Computer/System/Clock.vhd sub00/vhpl02 1386262965
EN adder NULL D:/ISE_workspace/Computer/System/Adder.vhd sub00/vhpl04 1386262967
AR mem_wb behavioral D:/ISE_workspace/Computer/System/MEM_WB.vhd sub00/vhpl37 1386263000
AR registerheap behavioral D:/ISE_workspace/Computer/System/Registerheap.vhd sub00/vhpl15 1386262978
AR jumper behavioral D:/ISE_workspace/Computer/System/Jumper.vhd sub00/vhpl31 1386262994
EN id_exe NULL D:/ISE_workspace/Computer/System/ID_EXE.vhd sub00/vhpl20 1386262983
AR id_exe behavioral D:/ISE_workspace/Computer/System/ID_EXE.vhd sub00/vhpl21 1386262984
AR singleregister behavioral D:/ISE_workspace/Computer/System/SingleRegister.vhd sub00/vhpl07 1386262970
PH define NULL D:/ISE_workspace/Computer/System/Define.vhd sub00/vhpl00 1386262961
EN memorycontroller NULL D:/ISE_workspace/Computer/System/MemoryController.vhd sub00/vhpl34 1386262997
AR clock behavioral D:/ISE_workspace/Computer/System/Clock.vhd sub00/vhpl03 1386262966
AR memorycontroller behavioral D:/ISE_workspace/Computer/System/MemoryController.vhd sub00/vhpl35 1386262998
AR system behavioral D:/ISE_workspace/Computer/System/System.vhd sub00/vhpl39 1386263002
AR zeroextender behavioral D:/ISE_workspace/Computer/System/ZeroExtender.vhd sub00/vhpl19 1386262982
AR exe_mem behavioral D:/ISE_workspace/Computer/System/EXE_MEM.vhd sub00/vhpl27 1386262990
EN zeroextender NULL D:/ISE_workspace/Computer/System/ZeroExtender.vhd sub00/vhpl18 1386262981
PB define define D:/ISE_workspace/Computer/System/Define.vhd sub00/vhpl01 1386262962
AR decoder behavioral D:/ISE_workspace/Computer/System/Decoder.vhd sub00/vhpl11 1386262974
EN vga NULL D:/ISE_workspace/Computer/System/VGA.vhd sub00/vhpl40 1386262963
EN mem_wb NULL D:/ISE_workspace/Computer/System/MEM_WB.vhd sub00/vhpl36 1386262999
AR if_id behavioral D:/ISE_workspace/Computer/System/IF_ID.vhd sub00/vhpl09 1386262972
EN registerheap NULL D:/ISE_workspace/Computer/System/Registerheap.vhd sub00/vhpl14 1386262977
EN jumper NULL D:/ISE_workspace/Computer/System/Jumper.vhd sub00/vhpl30 1386262993
AR exe_bubble behavioral D:/ISE_workspace/Computer/System/EXE_bubble.vhd sub00/vhpl23 1386262986
EN signextender NULL D:/ISE_workspace/Computer/System/SignExtender.vhd sub00/vhpl16 1386262979
EN system NULL D:/ISE_workspace/Computer/System/System.vhd sub00/vhpl38 1386263001
AR id_bubble behavioral D:/ISE_workspace/Computer/System/ID_bubble.vhd sub00/vhpl13 1386262976
AR vga behavioral D:/ISE_workspace/Computer/System/VGA.vhd sub00/vhpl41 1386262964
EN exe_bubble NULL D:/ISE_workspace/Computer/System/EXE_bubble.vhd sub00/vhpl22 1386262985
EN if_id NULL D:/ISE_workspace/Computer/System/IF_ID.vhd sub00/vhpl08 1386262971
EN id_bubble NULL D:/ISE_workspace/Computer/System/ID_bubble.vhd sub00/vhpl12 1386262975
EN exe_mem NULL D:/ISE_workspace/Computer/System/EXE_MEM.vhd sub00/vhpl26 1386262989
EN bubblecontroller NULL D:/ISE_workspace/Computer/System/BubbleController.vhd sub00/vhpl32 1386262995
AR adder behavioral D:/ISE_workspace/Computer/System/Adder.vhd sub00/vhpl05 1386262968
AR bubblecontroller behavioral D:/ISE_workspace/Computer/System/BubbleController.vhd sub00/vhpl33 1386262996
AR alu behavioral D:/ISE_workspace/Computer/System/ALU.vhd sub00/vhpl25 1386262988
EN singleregister NULL D:/ISE_workspace/Computer/System/SingleRegister.vhd sub00/vhpl06 1386262969
EN decoder NULL D:/ISE_workspace/Computer/System/Decoder.vhd sub00/vhpl10 1386262973
AR feedback behavioral D:/ISE_workspace/Computer/System/Feedback.vhd sub00/vhpl29 1386262992
AR signextender behavioral D:/ISE_workspace/Computer/System/SignExtender.vhd sub00/vhpl17 1386262980
EN alu NULL D:/ISE_workspace/Computer/System/ALU.vhd sub00/vhpl24 1386262987
