V3 82
FL D:/ISE_workspace/Computer/System/Adder.vhd 2013/11/28.21:39:40 P.49d
EN work/Adder 1386262967 FL D:/ISE_workspace/Computer/System/Adder.vhd \
      PB ieee/std_logic_1164 1354696159 PB ieee/STD_LOGIC_UNSIGNED 1354696162
AR work/Adder/Behavioral 1386262968 \
      FL D:/ISE_workspace/Computer/System/Adder.vhd EN work/Adder 1386262967
FL D:/ISE_workspace/Computer/System/ALU.vhd 2013/11/29.03:38:06 P.49d
EN work/ALU 1386262987 FL D:/ISE_workspace/Computer/System/ALU.vhd \
      PB ieee/std_logic_1164 1354696159 PB ieee/STD_LOGIC_UNSIGNED 1354696162 \
      PB ieee/NUMERIC_STD 1354696164 PB work/Define 1386262962
AR work/ALU/Behavioral 1386262988 \
      FL D:/ISE_workspace/Computer/System/ALU.vhd EN work/ALU 1386262987
FL D:/ISE_workspace/Computer/System/BubbleController.vhd 2013/12/02.16:14:22 P.49d
EN work/BubbleController 1386262995 \
      FL D:/ISE_workspace/Computer/System/BubbleController.vhd \
      PB ieee/std_logic_1164 1354696159
AR work/BubbleController/Behavioral 1386262996 \
      FL D:/ISE_workspace/Computer/System/BubbleController.vhd \
      EN work/BubbleController 1386262995
FL D:/ISE_workspace/Computer/System/Clock.vhd 2013/12/04.06:36:56 P.49d
EN work/Clock 1386262965 FL D:/ISE_workspace/Computer/System/Clock.vhd \
      PB ieee/std_logic_1164 1354696159
AR work/Clock/Behavioral 1386262966 \
      FL D:/ISE_workspace/Computer/System/Clock.vhd EN work/Clock 1386262965
FL D:/ISE_workspace/Computer/System/Decoder.vhd 2013/12/03.02:57:56 P.49d
EN work/Decoder 1386262973 FL D:/ISE_workspace/Computer/System/Decoder.vhd \
      PB ieee/std_logic_1164 1354696159
AR work/Decoder/Behavioral 1386262974 \
      FL D:/ISE_workspace/Computer/System/Decoder.vhd EN work/Decoder 1386262973
FL D:/ISE_workspace/Computer/System/Define.vhd 2013/11/29.04:09:04 P.49d
PH work/Define 1386262961 FL D:/ISE_workspace/Computer/System/Define.vhd \
      PB ieee/std_logic_1164 1354696159
PB work/Define 1386262962 \
      FL D:/ISE_workspace/Computer/System/Define.vhd PH work/Define 1386262961
FL D:/ISE_workspace/Computer/System/EXE_bubble.vhd 2013/12/02.15:05:30 P.49d
EN work/EXE_bubble 1386262985 FL D:/ISE_workspace/Computer/System/EXE_bubble.vhd \
      PB ieee/std_logic_1164 1354696159
AR work/EXE_bubble/Behavioral 1386262986 \
      FL D:/ISE_workspace/Computer/System/EXE_bubble.vhd EN work/EXE_bubble 1386262985
FL D:/ISE_workspace/Computer/System/EXE_MEM.vhd 2013/12/02.01:39:22 P.49d
EN work/EXE_MEM 1386262989 FL D:/ISE_workspace/Computer/System/EXE_MEM.vhd \
      PB ieee/std_logic_1164 1354696159
AR work/EXE_MEM/Behavioral 1386262990 \
      FL D:/ISE_workspace/Computer/System/EXE_MEM.vhd EN work/EXE_MEM 1386262989
FL D:/ISE_workspace/Computer/System/Feedback.vhd 2013/12/02.02:46:00 P.49d
EN work/Feedback 1386262991 FL D:/ISE_workspace/Computer/System/Feedback.vhd \
      PB ieee/std_logic_1164 1354696159
AR work/Feedback/Behavioral 1386262992 \
      FL D:/ISE_workspace/Computer/System/Feedback.vhd EN work/Feedback 1386262991
FL D:/ISE_workspace/Computer/System/ID_bubble.vhd 2013/12/02.14:47:36 P.49d
EN work/ID_bubble 1386262975 FL D:/ISE_workspace/Computer/System/ID_bubble.vhd \
      PB ieee/std_logic_1164 1354696159
AR work/ID_bubble/Behavioral 1386262976 \
      FL D:/ISE_workspace/Computer/System/ID_bubble.vhd EN work/ID_bubble 1386262975
FL D:/ISE_workspace/Computer/System/ID_EXE.vhd 2013/11/30.20:41:48 P.49d
EN work/ID_EXE 1386262983 FL D:/ISE_workspace/Computer/System/ID_EXE.vhd \
      PB ieee/std_logic_1164 1354696159
AR work/ID_EXE/Behavioral 1386262984 \
      FL D:/ISE_workspace/Computer/System/ID_EXE.vhd EN work/ID_EXE 1386262983
FL D:/ISE_workspace/Computer/System/IF_ID.vhd 2013/12/04.22:41:58 P.49d
EN work/IF_ID 1386262971 FL D:/ISE_workspace/Computer/System/IF_ID.vhd \
      PB ieee/std_logic_1164 1354696159
AR work/IF_ID/Behavioral 1386262972 \
      FL D:/ISE_workspace/Computer/System/IF_ID.vhd EN work/IF_ID 1386262971
FL D:/ISE_workspace/Computer/System/Jumper.vhd 2013/11/30.02:21:32 P.49d
EN work/Jumper 1386262993 FL D:/ISE_workspace/Computer/System/Jumper.vhd \
      PB ieee/std_logic_1164 1354696159
AR work/Jumper/Behavioral 1386262994 \
      FL D:/ISE_workspace/Computer/System/Jumper.vhd EN work/Jumper 1386262993
FL D:/ISE_workspace/Computer/System/MemoryController.vhd 2013/12/05.00:49:57 P.49d
EN work/MemoryController 1386262997 \
      FL D:/ISE_workspace/Computer/System/MemoryController.vhd \
      PB ieee/std_logic_1164 1354696159
AR work/MemoryController/Behavioral 1386262998 \
      FL D:/ISE_workspace/Computer/System/MemoryController.vhd \
      EN work/MemoryController 1386262997
FL D:/ISE_workspace/Computer/System/MEM_WB.vhd 2013/11/30.20:42:12 P.49d
EN work/MEM_WB 1386262999 FL D:/ISE_workspace/Computer/System/MEM_WB.vhd \
      PB ieee/std_logic_1164 1354696159
AR work/MEM_WB/Behavioral 1386263000 \
      FL D:/ISE_workspace/Computer/System/MEM_WB.vhd EN work/MEM_WB 1386262999
FL D:/ISE_workspace/Computer/System/Registerheap.vhd 2013/12/02.00:17:44 P.49d
EN work/RegisterHeap 1386262977 \
      FL D:/ISE_workspace/Computer/System/Registerheap.vhd PB ieee/std_logic_1164 1354696159 \
      PB ieee/STD_LOGIC_UNSIGNED 1354696162
AR work/RegisterHeap/Behavioral 1386262978 \
      FL D:/ISE_workspace/Computer/System/Registerheap.vhd EN work/RegisterHeap 1386262977
FL D:/ISE_workspace/Computer/System/SignExtender.vhd 2013/11/27.14:51:36 P.49d
EN work/SignExtender 1386262979 \
      FL D:/ISE_workspace/Computer/System/SignExtender.vhd PB ieee/std_logic_1164 1354696159
AR work/SignExtender/Behavioral 1386262980 \
      FL D:/ISE_workspace/Computer/System/SignExtender.vhd EN work/SignExtender 1386262979
FL D:/ISE_workspace/Computer/System/SingleRegister.vhd 2013/12/03.00:38:36 P.49d
EN work/Singleregister 1386262969 \
      FL D:/ISE_workspace/Computer/System/SingleRegister.vhd \
      PB ieee/std_logic_1164 1354696159
AR work/Singleregister/Behavioral 1386262970 \
      FL D:/ISE_workspace/Computer/System/SingleRegister.vhd \
      EN work/Singleregister 1386262969
FL D:/ISE_workspace/Computer/System/System.vhd 2013/12/06.00:05:32 P.49d
EN work/System 1386263001 FL D:/ISE_workspace/Computer/System/System.vhd \
      PB ieee/std_logic_1164 1354696159
AR work/System/Behavioral 1386263002 \
      FL D:/ISE_workspace/Computer/System/System.vhd EN work/System 1386263001 \
      CP VGA CP Clock CP Adder CP Singleregister CP IF_ID CP Decoder CP ID_bubble \
      CP RegisterHeap CP SignExtender CP ZeroExtender CP ID_EXE CP EXE_bubble CP ALU \
      CP EXE_MEM CP Feedback CP Jumper CP BubbleController CP MemoryController \
      CP MEM_WB
FL D:/ISE_workspace/Computer/System/VGA.vhd 2013/12/06.01:02:32 P.49d
EN work/VGA 1386262963 FL D:/ISE_workspace/Computer/System/VGA.vhd \
      PB ieee/std_logic_1164 1354696159
AR work/VGA/Behavioral 1386262964 \
      FL D:/ISE_workspace/Computer/System/VGA.vhd EN work/VGA 1386262963
FL D:/ISE_workspace/Computer/System/ZeroExtender.vhd 2013/11/27.14:54:10 P.49d
EN work/ZeroExtender 1386262981 \
      FL D:/ISE_workspace/Computer/System/ZeroExtender.vhd PB ieee/std_logic_1164 1354696159
AR work/ZeroExtender/Behavioral 1386262982 \
      FL D:/ISE_workspace/Computer/System/ZeroExtender.vhd EN work/ZeroExtender 1386262981
